#
# There is insufficient memory for the Java Runtime Environment to continue.
# Native memory allocation (malloc) failed to allocate 311856 bytes. Error detail: Chunk::new
# Possible reasons:
#   The system is out of physical RAM or swap space
#   This process is running with CompressedOops enabled, and the Java Heap may be blocking the growth of the native heap
# Possible solutions:
#   Reduce memory load on the system
#   Increase physical memory or swap space
#   Check if swap backing store is full
#   Decrease Java heap size (-Xmx/-Xms)
#   Decrease number of Java threads
#   Decrease Java thread stack sizes (-Xss)
#   Set larger code cache with -XX:ReservedCodeCacheSize=
#   JVM is running with Zero Based Compressed Oops mode in which the Java heap is
#     placed in the first 32GB address space. The Java Heap base address is the
#     maximum limit for the native heap growth. Please use -XX:HeapBaseMinAddress
#     to set the Java Heap base and to place the Java Heap above 32GB virtual address.
# This output file may be truncated or incomplete.
#
#  Out of Memory Error (arena.cpp:191), pid=21588, tid=4628
#
# JRE version: OpenJDK Runtime Environment Temurin-17.0.20.1+1 (17.0.20.1+1) (build 17.0.20.1+1)
# Java VM: OpenJDK 64-Bit Server VM Temurin-17.0.20.1+1 (17.0.20.1+1, mixed mode, sharing, tiered, compressed oops, compressed class ptrs, g1 gc, windows-amd64)
# No core dump will be written. Minidumps are not enabled by default on client versions of Windows
#

---------------  S U M M A R Y ------------

Command Line: -Dcom.sun.management.jmxremote -Dcom.sun.management.jmxremote.port=62761 -Dcom.sun.management.jmxremote.authenticate=false -Dcom.sun.management.jmxremote.ssl=false -Dspring.jmx.enabled=true -Djava.rmi.server.hostname=localhost -Dspring.application.admin.enabled=true -Dspring.boot.project.name=inventario.spring -XX:+ShowCodeDetailsInExceptionMessages -Dmanagement.endpoints.jmx.exposure.include=* com.inventario.inventario.spring.Application

Host: AMD Ryzen 7 7730U with Radeon Graphics         , 16 cores, 15G,  Windows 11 , 64 bit Build 26100 (10.0.26100.9444)
Time: Mon Sep 14 10:53:40 2026 Hora est. Pacífico, Sudamérica elapsed time: 4080.501017 seconds (0d 1h 8m 0s)

---------------  T H R E A D  ---------------

Current thread (0x000001dc687cb860):  JavaThread "C2 CompilerThread0" daemon [_thread_in_native, id=4628, stack(0x000000d3cbd00000,0x000000d3cbe00000)]


Current CompileTask:
C2:4080501 8520       4       java.io.ObjectOutputStream::<init> (99 bytes)

Stack: [0x000000d3cbd00000,0x000000d3cbe00000]
Native frames: (J=compiled Java code, j=interpreted, Vv=VM code, C=native code)
V  [jvm.dll+0x684d39]
V  [jvm.dll+0x83a565]
V  [jvm.dll+0x83bfde]
V  [jvm.dll+0x83c663]
V  [jvm.dll+0x2490cf]
V  [jvm.dll+0xad536]
V  [jvm.dll+0xadbdc]
V  [jvm.dll+0x368d6f]
V  [jvm.dll+0x1bc539]
V  [jvm.dll+0x21a030]
V  [jvm.dll+0x21931f]
V  [jvm.dll+0x1a49e0]
V  [jvm.dll+0x229a6a]
V  [jvm.dll+0x227c1b]
V  [jvm.dll+0x7f0d18]
V  [jvm.dll+0x7eb17c]
V  [jvm.dll+0x683c07]
C  [ucrtbase.dll+0x2cd30]
C  [KERNEL32.DLL+0x2cd87]
C  [ntdll.dll+0xacaec]


---------------  P R O C E S S  ---------------

Threads class SMR info:
_java_thread_list=0x000001dc73011ac0, length=36, elements={
0x000001dc687a56d0, 0x000001dc687a7fb0, 0x000001dc687c71e0, 0x000001dc687c7ab0,
0x000001dc687c8380, 0x000001dc687cac60, 0x000001dc687cb860, 0x000001dc687e2a20,
0x000001dc6900a3c0, 0x000001dc69102120, 0x000001dc691d8330, 0x000001dc69bec020,
0x000001dc69c115e0, 0x000001dc69c425d0, 0x000001dc6e6d0e70, 0x000001dc6e6d1890,
0x000001dc6e6cfa30, 0x000001dc6e6cf010, 0x000001dc6e6ce5f0, 0x000001dc6e6cf520,
0x000001dc6e6d1380, 0x000001dc747e0fb0, 0x000001dc747e14c0, 0x000001dc747e0590,
0x000001dc747e0080, 0x000001dc747e1ee0, 0x000001dc747e3830, 0x000001dc747e3d40,
0x000001dc747e19d0, 0x000001dc747e2e10, 0x000001dc747e0aa0, 0x000001dc747e4250,
0x000001dc747e5690, 0x000001dc747e4760, 0x000001dc747e5180, 0x000001dc747e65c0
}

Java Threads: ( => current thread )
  0x000001dc687a56d0 JavaThread "Reference Handler" daemon [_thread_blocked, id=68912, stack(0x000000d3cb700000,0x000000d3cb800000)]
  0x000001dc687a7fb0 JavaThread "Finalizer" daemon [_thread_blocked, id=357028, stack(0x000000d3cb800000,0x000000d3cb900000)]
  0x000001dc687c71e0 JavaThread "Signal Dispatcher" daemon [_thread_blocked, id=351920, stack(0x000000d3cb900000,0x000000d3cba00000)]
  0x000001dc687c7ab0 JavaThread "Attach Listener" daemon [_thread_blocked, id=24152, stack(0x000000d3cba00000,0x000000d3cbb00000)]
  0x000001dc687c8380 JavaThread "Service Thread" daemon [_thread_blocked, id=346608, stack(0x000000d3cbb00000,0x000000d3cbc00000)]
  0x000001dc687cac60 JavaThread "Monitor Deflation Thread" daemon [_thread_blocked, id=29736, stack(0x000000d3cbc00000,0x000000d3cbd00000)]
=>0x000001dc687cb860 JavaThread "C2 CompilerThread0" daemon [_thread_in_native, id=4628, stack(0x000000d3cbd00000,0x000000d3cbe00000)]
  0x000001dc687e2a20 JavaThread "C1 CompilerThread0" daemon [_thread_blocked, id=22256, stack(0x000000d3cbe00000,0x000000d3cbf00000)]
  0x000001dc6900a3c0 JavaThread "Sweeper thread" daemon [_thread_blocked, id=27172, stack(0x000000d3cbf00000,0x000000d3cc000000)]
  0x000001dc69102120 JavaThread "Common-Cleaner" daemon [_thread_blocked, id=1952, stack(0x000000d3cc000000,0x000000d3cc100000)]
  0x000001dc691d8330 JavaThread "Notification Thread" daemon [_thread_blocked, id=31784, stack(0x000000d3cc500000,0x000000d3cc600000)]
  0x000001dc69bec020 JavaThread "RMI TCP Accept-0" daemon [_thread_in_native, id=354368, stack(0x000000d3cc600000,0x000000d3cc700000)]
  0x000001dc69c115e0 JavaThread "RMI TCP Accept-62761" daemon [_thread_in_native, id=10020, stack(0x000000d3cc700000,0x000000d3cc800000)]
  0x000001dc69c425d0 JavaThread "RMI TCP Accept-0" daemon [_thread_in_native, id=38892, stack(0x000000d3cc800000,0x000000d3cc900000)]
  0x000001dc6e6d0e70 JavaThread "RMI Scheduler(0)" daemon [_thread_blocked, id=31224, stack(0x000000d3cdb00000,0x000000d3cdc00000)]
  0x000001dc6e6d1890 JavaThread "JMX server connection timeout 32" daemon [_thread_blocked, id=354928, stack(0x000000d3cdc00000,0x000000d3cdd00000)]
  0x000001dc6e6cfa30 JavaThread "Catalina-utility-1" [_thread_blocked, id=351672, stack(0x000000d3cdf00000,0x000000d3ce000000)]
  0x000001dc6e6cf010 JavaThread "Catalina-utility-2" [_thread_blocked, id=359560, stack(0x000000d3ce000000,0x000000d3ce100000)]
  0x000001dc6e6ce5f0 JavaThread "container-0" [_thread_blocked, id=32092, stack(0x000000d3ce100000,0x000000d3ce200000)]
  0x000001dc6e6cf520 JavaThread "mysql-cj-abandoned-connection-cleanup" daemon [_thread_blocked, id=337480, stack(0x000000d3ce200000,0x000000d3ce300000)]
  0x000001dc6e6d1380 JavaThread "HikariPool-1:housekeeper" daemon [_thread_blocked, id=30672, stack(0x000000d3ce500000,0x000000d3ce600000)]
  0x000001dc747e0fb0 JavaThread "http-nio-8081-exec-1" daemon [_thread_blocked, id=11200, stack(0x000000d3ce800000,0x000000d3ce900000)]
  0x000001dc747e14c0 JavaThread "http-nio-8081-exec-2" daemon [_thread_blocked, id=27664, stack(0x000000d3ce900000,0x000000d3cea00000)]
  0x000001dc747e0590 JavaThread "http-nio-8081-exec-3" daemon [_thread_blocked, id=30460, stack(0x000000d3cea00000,0x000000d3ceb00000)]
  0x000001dc747e0080 JavaThread "http-nio-8081-exec-4" daemon [_thread_blocked, id=2840, stack(0x000000d3ceb00000,0x000000d3cec00000)]
  0x000001dc747e1ee0 JavaThread "http-nio-8081-exec-5" daemon [_thread_blocked, id=1012, stack(0x000000d3cec00000,0x000000d3ced00000)]
  0x000001dc747e3830 JavaThread "http-nio-8081-exec-6" daemon [_thread_blocked, id=36476, stack(0x000000d3ced00000,0x000000d3cee00000)]
  0x000001dc747e3d40 JavaThread "http-nio-8081-exec-7" daemon [_thread_blocked, id=259856, stack(0x000000d3cee00000,0x000000d3cef00000)]
  0x000001dc747e19d0 JavaThread "http-nio-8081-exec-8" daemon [_thread_blocked, id=21568, stack(0x000000d3cef00000,0x000000d3cf000000)]
  0x000001dc747e2e10 JavaThread "http-nio-8081-exec-9" daemon [_thread_blocked, id=364404, stack(0x000000d3cf000000,0x000000d3cf100000)]
  0x000001dc747e0aa0 JavaThread "http-nio-8081-exec-10" daemon [_thread_blocked, id=247204, stack(0x000000d3cf100000,0x000000d3cf200000)]
  0x000001dc747e4250 JavaThread "http-nio-8081-Poller" daemon [_thread_in_native, id=5096, stack(0x000000d3cf200000,0x000000d3cf300000)]
  0x000001dc747e5690 JavaThread "http-nio-8081-Acceptor" daemon [_thread_in_native, id=349652, stack(0x000000d3cf300000,0x000000d3cf400000)]
  0x000001dc747e4760 JavaThread "DestroyJavaVM" [_thread_blocked, id=361988, stack(0x000000d3cb000000,0x000000d3cb100000)]
  0x000001dc747e5180 JavaThread "RMI TCP Connection(3)-127.0.0.1" daemon [_thread_in_native, id=136476, stack(0x000000d3cad00000,0x000000d3cae00000)]
  0x000001dc747e65c0 JavaThread "RMI TCP Connection(4)-127.0.0.1" daemon [_thread_in_native, id=223392, stack(0x000000d3cae00000,0x000000d3caf00000)]

Other Threads:
  0x000001dc687a0f80 VMThread "VM Thread" [stack: 0x000000d3cb600000,0x000000d3cb700000] [id=352352]
  0x000001dc4591c420 WatcherThread [stack: 0x000000d3cc900000,0x000000d3cca00000] [id=14304]
  0x000001dc45991690 GCTaskThread "GC Thread#0" [stack: 0x000000d3cb100000,0x000000d3cb200000] [id=4308]
  0x000001dc6e38d7f0 GCTaskThread "GC Thread#1" [stack: 0x000000d3ccb00000,0x000000d3ccc00000] [id=362488]
  0x000001dc6e38dab0 GCTaskThread "GC Thread#2" [stack: 0x000000d3ccc00000,0x000000d3ccd00000] [id=27040]
  0x000001dc6e38dd70 GCTaskThread "GC Thread#3" [stack: 0x000000d3ccd00000,0x000000d3cce00000] [id=21256]
  0x000001dc6e3d69d0 GCTaskThread "GC Thread#4" [stack: 0x000000d3cce00000,0x000000d3ccf00000] [id=360144]
  0x000001dc6e425220 GCTaskThread "GC Thread#5" [stack: 0x000000d3ccf00000,0x000000d3cd000000] [id=27516]
  0x000001dc6e4254e0 GCTaskThread "GC Thread#6" [stack: 0x000000d3cd000000,0x000000d3cd100000] [id=27504]
  0x000001dc6e346ab0 GCTaskThread "GC Thread#7" [stack: 0x000000d3cd100000,0x000000d3cd200000] [id=14140]
  0x000001dc6e346d70 GCTaskThread "GC Thread#8" [stack: 0x000000d3cd200000,0x000000d3cd300000] [id=354432]
  0x000001dc70117d10 GCTaskThread "GC Thread#9" [stack: 0x000000d3cd300000,0x000000d3cd400000] [id=23972]
  0x000001dc6f0626b0 GCTaskThread "GC Thread#10" [stack: 0x000000d3cd400000,0x000000d3cd500000] [id=36808]
  0x000001dc6eb7e3b0 GCTaskThread "GC Thread#11" [stack: 0x000000d3cd700000,0x000000d3cd800000] [id=18708]
  0x000001dc6ef15580 GCTaskThread "GC Thread#12" [stack: 0x000000d3cd800000,0x000000d3cd900000] [id=354880]
  0x000001dc459a1dc0 ConcurrentGCThread "G1 Main Marker" [stack: 0x000000d3cb200000,0x000000d3cb300000] [id=27508]
  0x000001dc459a4200 ConcurrentGCThread "G1 Conc#0" [stack: 0x000000d3cb300000,0x000000d3cb400000] [id=27932]
  0x000001dc70940b80 ConcurrentGCThread "G1 Conc#1" [stack: 0x000000d3cd900000,0x000000d3cda00000] [id=349308]
  0x000001dc6f5203a0 ConcurrentGCThread "G1 Conc#2" [stack: 0x000000d3cda00000,0x000000d3cdb00000] [id=355280]
  0x000001dc686d6650 ConcurrentGCThread "G1 Refine#0" [stack: 0x000000d3cb400000,0x000000d3cb500000] [id=8944]
  0x000001dc686d6e20 ConcurrentGCThread "G1 Service" [stack: 0x000000d3cb500000,0x000000d3cb600000] [id=20820]

Threads with active compile tasks:
C2 CompilerThread0  4090836 8520       4       java.io.ObjectOutputStream::<init> (99 bytes)

VM state: not at safepoint (normal execution)

VM Mutex/Monitor currently owned by a thread: None

Heap address: 0x0000000709800000, size: 3944 MB, Compressed Oops mode: Zero based, Oop shift amount: 3

CDS archive(s) mapped at: [0x000001dc00000000-0x000001dc00bb0000-0x000001dc00bb0000), size 12255232, SharedBaseAddress: 0x000001dc00000000, ArchiveRelocationMode: 1.
Compressed class space mapped at: 0x000001dc01000000-0x000001dc41000000, reserved size: 1073741824
Narrow klass base: 0x000001dc00000000, Narrow klass shift: 0, Narrow klass range: 0x100000000

GC Precious Log:
 CPUs: 16 total, 16 available
 Memory: 15772M
 Large Page Support: Disabled
 NUMA Support: Disabled
 Compressed Oops: Enabled (Zero based)
 Heap Region Size: 2M
 Heap Min Capacity: 8M
 Heap Initial Capacity: 248M
 Heap Max Capacity: 3944M
 Pre-touch: Disabled
 Parallel Workers: 13
 Concurrent Workers: 3
 Concurrent Refinement Workers: 13
 Periodic GC: Disabled

Heap:
 garbage-first heap   total 81920K, used 65381K [0x0000000709800000, 0x0000000800000000)
  region size 2048K, 18 young (36864K), 2 survivors (4096K)
 Metaspace       used 80105K, committed 80896K, reserved 1179648K
  class space    used 11083K, committed 11456K, reserved 1048576K

Heap Regions: E=young(eden), S=young(survivor), O=old, HS=humongous(starts), HC=humongous(continues), CS=collection set, F=free, OA=open archive, CA=closed archive, TAMS=top-at-mark-start (previous, next)
|   0|0x0000000709800000, 0x0000000709a00000, 0x0000000709a00000|100%| O|  |TAMS 0x0000000709a00000, 0x0000000709800000| Untracked 
|   1|0x0000000709a00000, 0x0000000709c00000, 0x0000000709c00000|100%| O|  |TAMS 0x0000000709c00000, 0x0000000709a00000| Untracked 
|   2|0x0000000709c00000, 0x0000000709e00000, 0x0000000709e00000|100%| O|  |TAMS 0x0000000709e00000, 0x0000000709c00000| Untracked 
|   3|0x0000000709e00000, 0x000000070a000000, 0x000000070a000000|100%| O|  |TAMS 0x000000070a000000, 0x0000000709e00000| Untracked 
|   4|0x000000070a000000, 0x000000070a200000, 0x000000070a200000|100%| O|  |TAMS 0x000000070a200000, 0x000000070a000000| Untracked 
|   5|0x000000070a200000, 0x000000070a400000, 0x000000070a400000|100%| O|  |TAMS 0x000000070a400000, 0x000000070a200000| Untracked 
|   6|0x000000070a400000, 0x000000070a600000, 0x000000070a600000|100%| O|  |TAMS 0x000000070a600000, 0x000000070a400000| Untracked 
|   7|0x000000070a600000, 0x000000070a800000, 0x000000070a800000|100%| O|  |TAMS 0x000000070a600000, 0x000000070a600000| Untracked 
|   8|0x000000070a800000, 0x000000070aa00000, 0x000000070aa00000|100%| O|  |TAMS 0x000000070aa00000, 0x000000070a800000| Untracked 
|   9|0x000000070aa00000, 0x000000070ac00000, 0x000000070ac00000|100%| O|  |TAMS 0x000000070ac00000, 0x000000070aa00000| Untracked 
|  10|0x000000070ac00000, 0x000000070ae00000, 0x000000070ae00000|100%| O|  |TAMS 0x000000070ae00000, 0x000000070ac00000| Untracked 
|  11|0x000000070ae00000, 0x000000070b000000, 0x000000070b000000|100%| O|  |TAMS 0x000000070b000000, 0x000000070ae00000| Untracked 
|  12|0x000000070b000000, 0x000000070b200000, 0x000000070b200000|100%| O|  |TAMS 0x000000070b073c00, 0x000000070b000000| Untracked 
|  13|0x000000070b200000, 0x000000070b400000, 0x000000070b400000|100%| O|  |TAMS 0x000000070b200000, 0x000000070b200000| Untracked 
|  14|0x000000070b400000, 0x000000070b600000, 0x000000070b600000|100%| O|  |TAMS 0x000000070b400000, 0x000000070b400000| Untracked 
|  15|0x000000070b600000, 0x000000070b71f200, 0x000000070b800000| 56%| O|  |TAMS 0x000000070b600000, 0x000000070b600000| Untracked 
|  16|0x000000070b800000, 0x000000070b800000, 0x000000070ba00000|  0%| F|  |TAMS 0x000000070b800000, 0x000000070b800000| Untracked 
|  17|0x000000070ba00000, 0x000000070ba00000, 0x000000070bc00000|  0%| F|  |TAMS 0x000000070ba00000, 0x000000070ba00000| Untracked 
|  18|0x000000070bc00000, 0x000000070bc00000, 0x000000070be00000|  0%| F|  |TAMS 0x000000070bc00000, 0x000000070bc00000| Untracked 
|  19|0x000000070be00000, 0x000000070be00000, 0x000000070c000000|  0%| F|  |TAMS 0x000000070be00000, 0x000000070be00000| Untracked 
|  20|0x000000070c000000, 0x000000070c0ba4e0, 0x000000070c200000| 36%| S|CS|TAMS 0x000000070c000000, 0x000000070c000000| Complete 
|  21|0x000000070c200000, 0x000000070c400000, 0x000000070c400000|100%| S|CS|TAMS 0x000000070c200000, 0x000000070c200000| Complete 
|  22|0x000000070c400000, 0x000000070c400000, 0x000000070c600000|  0%| F|  |TAMS 0x000000070c400000, 0x000000070c400000| Untracked 
|  23|0x000000070c600000, 0x000000070c600000, 0x000000070c800000|  0%| F|  |TAMS 0x000000070c600000, 0x000000070c600000| Untracked 
|  24|0x000000070c800000, 0x000000070c9c25e0, 0x000000070ca00000| 87%| E|  |TAMS 0x000000070c800000, 0x000000070c800000| Complete 
|  25|0x000000070ca00000, 0x000000070cc00000, 0x000000070cc00000|100%| E|CS|TAMS 0x000000070ca00000, 0x000000070ca00000| Complete 
|  26|0x000000070cc00000, 0x000000070ce00000, 0x000000070ce00000|100%| E|CS|TAMS 0x000000070cc00000, 0x000000070cc00000| Complete 
|  27|0x000000070ce00000, 0x000000070d000000, 0x000000070d000000|100%| E|CS|TAMS 0x000000070ce00000, 0x000000070ce00000| Complete 
|  28|0x000000070d000000, 0x000000070d200000, 0x000000070d200000|100%| E|CS|TAMS 0x000000070d000000, 0x000000070d000000| Complete 
|  29|0x000000070d200000, 0x000000070d400000, 0x000000070d400000|100%| E|CS|TAMS 0x000000070d200000, 0x000000070d200000| Complete 
|  30|0x000000070d400000, 0x000000070d600000, 0x000000070d600000|100%| E|CS|TAMS 0x000000070d400000, 0x000000070d400000| Complete 
|  31|0x000000070d600000, 0x000000070d800000, 0x000000070d800000|100%| E|CS|TAMS 0x000000070d600000, 0x000000070d600000| Complete 
|  32|0x000000070d800000, 0x000000070da00000, 0x000000070da00000|100%| E|CS|TAMS 0x000000070d800000, 0x000000070d800000| Complete 
|  33|0x000000070da00000, 0x000000070dc00000, 0x000000070dc00000|100%| E|CS|TAMS 0x000000070da00000, 0x000000070da00000| Complete 
|  34|0x000000070dc00000, 0x000000070de00000, 0x000000070de00000|100%| E|CS|TAMS 0x000000070dc00000, 0x000000070dc00000| Complete 
|  44|0x000000070f000000, 0x000000070f200000, 0x000000070f200000|100%| E|CS|TAMS 0x000000070f000000, 0x000000070f000000| Complete 
|  45|0x000000070f200000, 0x000000070f400000, 0x000000070f400000|100%| E|CS|TAMS 0x000000070f200000, 0x000000070f200000| Complete 
|  46|0x000000070f400000, 0x000000070f600000, 0x000000070f600000|100%| E|CS|TAMS 0x000000070f400000, 0x000000070f400000| Complete 
|  47|0x000000070f600000, 0x000000070f800000, 0x000000070f800000|100%| E|CS|TAMS 0x000000070f600000, 0x000000070f600000| Complete 
| 123|0x0000000718e00000, 0x0000000719000000, 0x0000000719000000|100%| E|CS|TAMS 0x0000000718e00000, 0x0000000718e00000| Complete 

Card table byte_map: [0x000001dc5d4d0000,0x000001dc5dc90000] _byte_map_base: 0x000001dc59c84000

Marking Bits (Prev, Next): (CMBitMap*) 0x000001dc45991cf0, (CMBitMap*) 0x000001dc45991cb0
 Prev Bits: [0x000001dc621f0000, 0x000001dc65f90000)
 Next Bits: [0x000001dc5e450000, 0x000001dc621f0000)

Polling page: 0x000001dc43c60000

Metaspace:

Usage:
  Non-class:     67.40 MB used.
      Class:     10.82 MB used.
       Both:     78.23 MB used.

Virtual space:
  Non-class space:      128.00 MB reserved,      67.81 MB ( 53%) committed,  2 nodes.
      Class space:        1.00 GB reserved,      11.19 MB (  1%) committed,  1 nodes.
             Both:        1.12 GB reserved,      79.00 MB (  7%) committed. 

Chunk freelists:
   Non-Class:  12.23 MB
       Class:  4.79 MB
        Both:  17.02 MB

MaxMetaspaceSize: unlimited
CompressedClassSpaceSize: 1.00 GB
Initial GC threshold: 21.00 MB
Current GC threshold: 99.00 MB
CDS: on
MetaspaceReclaimPolicy: balanced
 - commit_granule_bytes: 65536.
 - commit_granule_words: 8192.
 - virtual_space_node_default_size: 8388608.
 - enlarge_chunks_in_place: 1.
 - new_chunks_are_fully_committed: 0.
 - uncommit_free_chunks: 1.
 - use_allocation_guard: 0.
 - handle_deallocations: 1.


Internal statistics:

num_allocs_failed_limit: 9.
num_arena_births: 1124.
num_arena_deaths: 0.
num_vsnodes_births: 3.
num_vsnodes_deaths: 0.
num_space_committed: 1264.
num_space_uncommitted: 0.
num_chunks_returned_to_freelist: 9.
num_chunks_taken_from_freelist: 4109.
num_chunk_merges: 6.
num_chunk_splits: 2932.
num_chunks_enlarged: 2236.
num_inconsistent_stats: 0.

CodeHeap 'non-profiled nmethods': size=119168Kb used=5640Kb max_used=5890Kb free=113527Kb
 bounds [0x000001dc55030000, 0x000001dc55600000, 0x000001dc5c490000]
CodeHeap 'profiled nmethods': size=119104Kb used=14784Kb max_used=14933Kb free=104320Kb
 bounds [0x000001dc4d490000, 0x000001dc4e330000, 0x000001dc548e0000]
CodeHeap 'non-nmethods': size=7488Kb used=1368Kb max_used=3115Kb free=6119Kb
 bounds [0x000001dc548e0000, 0x000001dc54c00000, 0x000001dc55030000]
 total_blobs=7934 nmethods=7230 adapters=616
 compilation: enabled
              stopped_count=0, restarted_count=0
 full_count=0

Compilation events (20 events):
Event: 3914.788 Thread 0x000001dc687cb860 nmethod 8508 0x000001dc5542db90 code [0x000001dc5542dd40, 0x000001dc5542e178]
Event: 3933.991 Thread 0x000001dc687cb860 8509       4       java.lang.Long::hashCode (8 bytes)
Event: 3933.991 Thread 0x000001dc687cb860 nmethod 8509 0x000001dc5531a510 code [0x000001dc5531a680, 0x000001dc5531a718]
Event: 4022.027 Thread 0x000001dc687cb860 8510       4       java.util.concurrent.ScheduledThreadPoolExecutor$DelayedWorkQueue::siftDown (119 bytes)
Event: 4042.848 Thread 0x000001dc687e2a20 8512       3       java.nio.ByteBuffer::<init> (14 bytes)
Event: 4051.500 Thread 0x000001dc687e2a20 nmethod 8512 0x000001dc4dc86810 code [0x000001dc4dc869c0, 0x000001dc4dc86b08]
Event: 4053.458 Thread 0x000001dc687cb860 nmethod 8510 0x000001dc5542cd90 code [0x000001dc5542cf60, 0x000001dc5542d6b8]
Event: 4053.458 Thread 0x000001dc687cb860 8511       4       java.util.concurrent.ScheduledThreadPoolExecutor$DelayedWorkQueue::finishPoll (43 bytes)
Event: 4054.066 Thread 0x000001dc687cb860 nmethod 8511 0x000001dc5542bd10 code [0x000001dc5542bee0, 0x000001dc5542c7d8]
Event: 4059.048 Thread 0x000001dc687cb860 8515       4       java.util.concurrent.ScheduledThreadPoolExecutor$ScheduledFutureTask::setNextRunTime (38 bytes)
Event: 4060.288 Thread 0x000001dc687cb860 nmethod 8515 0x000001dc55319f90 code [0x000001dc5531a120, 0x000001dc5531a238]
Event: 4060.288 Thread 0x000001dc687cb860 8516       4       java.util.concurrent.ScheduledThreadPoolExecutor::reExecutePeriodic (49 bytes)
Event: 4060.895 Thread 0x000001dc687cb860 nmethod 8516 0x000001dc5542b790 code [0x000001dc5542b940, 0x000001dc5542bae8]
Event: 4062.407 Thread 0x000001dc687cb860 8517       4       java.io.ObjectInputStream$BlockDataInputStream::read (9 bytes)
Event: 4062.408 Thread 0x000001dc687cb860 nmethod 8517 0x000001dc5542b490 code [0x000001dc5542b620, 0x000001dc5542b6c8]
Event: 4062.706 Thread 0x000001dc687cb860 8518       4       sun.rmi.transport.ObjectEndpoint::hashCode (27 bytes)
Event: 4063.382 Thread 0x000001dc687cb860 nmethod 8518 0x000001dc5542b110 code [0x000001dc5542b2a0, 0x000001dc5542b388]
Event: 4063.383 Thread 0x000001dc687cb860 8519       4       java.util.stream.ReferencePipeline$$Lambda$149/0x000001dc0109ce20::apply (5 bytes)
Event: 4065.520 Thread 0x000001dc687cb860 nmethod 8519 0x000001dc5542ad10 code [0x000001dc5542aea0, 0x000001dc5542b038]
Event: 4065.520 Thread 0x000001dc687cb860 8520       4       java.io.ObjectOutputStream::<init> (99 bytes)

GC Heap History (20 events):
Event: 4.652 GC heap before
{Heap before GC invocations=12 (full 0):
 garbage-first heap   total 81920K, used 43923K [0x0000000709800000, 0x0000000800000000)
  region size 2048K, 12 young (24576K), 2 survivors (4096K)
 Metaspace       used 60022K, committed 60608K, reserved 1114112K
  class space    used 8246K, committed 8576K, reserved 1048576K
}
Event: 4.653 GC heap after
{Heap after GC invocations=13 (full 0):
 garbage-first heap   total 81920K, used 26229K [0x0000000709800000, 0x0000000800000000)
  region size 2048K, 2 young (4096K), 2 survivors (4096K)
 Metaspace       used 60022K, committed 60608K, reserved 1114112K
  class space    used 8246K, committed 8576K, reserved 1048576K
}
Event: 5.198 GC heap before
{Heap before GC invocations=14 (full 0):
 garbage-first heap   total 81920K, used 58997K [0x0000000709800000, 0x0000000800000000)
  region size 2048K, 19 young (38912K), 2 survivors (4096K)
 Metaspace       used 66895K, committed 67584K, reserved 1114112K
  class space    used 9288K, committed 9600K, reserved 1048576K
}
Event: 5.201 GC heap after
{Heap after GC invocations=15 (full 0):
 garbage-first heap   total 81920K, used 28913K [0x0000000709800000, 0x0000000800000000)
  region size 2048K, 3 young (6144K), 3 survivors (6144K)
 Metaspace       used 66895K, committed 67584K, reserved 1114112K
  class space    used 9288K, committed 9600K, reserved 1048576K
}
Event: 6.112 GC heap before
{Heap before GC invocations=15 (full 0):
 garbage-first heap   total 81920K, used 63729K [0x0000000709800000, 0x0000000800000000)
  region size 2048K, 20 young (40960K), 3 survivors (6144K)
 Metaspace       used 72058K, committed 72704K, reserved 1114112K
  class space    used 10045K, committed 10368K, reserved 1048576K
}
Event: 6.119 GC heap after
{Heap after GC invocations=16 (full 0):
 garbage-first heap   total 81920K, used 31734K [0x0000000709800000, 0x0000000800000000)
  region size 2048K, 3 young (6144K), 3 survivors (6144K)
 Metaspace       used 72058K, committed 72704K, reserved 1114112K
  class space    used 10045K, committed 10368K, reserved 1048576K
}
Event: 18.467 GC heap before
{Heap before GC invocations=16 (full 0):
 garbage-first heap   total 81920K, used 64502K [0x0000000709800000, 0x0000000800000000)
  region size 2048K, 19 young (38912K), 3 survivors (6144K)
 Metaspace       used 79032K, committed 79744K, reserved 1179648K
  class space    used 11039K, committed 11392K, reserved 1048576K
}
Event: 18.471 GC heap after
{Heap after GC invocations=17 (full 0):
 garbage-first heap   total 81920K, used 33577K [0x0000000709800000, 0x0000000800000000)
  region size 2048K, 3 young (6144K), 3 survivors (6144K)
 Metaspace       used 79032K, committed 79744K, reserved 1179648K
  class space    used 11039K, committed 11392K, reserved 1048576K
}
Event: 68.763 GC heap before
{Heap before GC invocations=17 (full 0):
 garbage-first heap   total 81920K, used 62249K [0x0000000709800000, 0x0000000800000000)
  region size 2048K, 17 young (34816K), 3 survivors (6144K)
 Metaspace       used 79410K, committed 80192K, reserved 1179648K
  class space    used 11051K, committed 11456K, reserved 1048576K
}
Event: 68.766 GC heap after
{Heap after GC invocations=18 (full 0):
 garbage-first heap   total 81920K, used 33583K [0x0000000709800000, 0x0000000800000000)
  region size 2048K, 1 young (2048K), 1 survivors (2048K)
 Metaspace       used 79410K, committed 80192K, reserved 1179648K
  class space    used 11051K, committed 11456K, reserved 1048576K
}
Event: 674.761 GC heap before
{Heap before GC invocations=18 (full 0):
 garbage-first heap   total 81920K, used 66351K [0x0000000709800000, 0x0000000800000000)
  region size 2048K, 17 young (34816K), 1 survivors (2048K)
 Metaspace       used 79731K, committed 80512K, reserved 1179648K
  class space    used 11055K, committed 11456K, reserved 1048576K
}
Event: 674.763 GC heap after
{Heap after GC invocations=19 (full 0):
 garbage-first heap   total 81920K, used 33807K [0x0000000709800000, 0x0000000800000000)
  region size 2048K, 1 young (2048K), 1 survivors (2048K)
 Metaspace       used 79731K, committed 80512K, reserved 1179648K
  class space    used 11055K, committed 11456K, reserved 1048576K
}
Event: 1334.764 GC heap before
{Heap before GC invocations=19 (full 0):
 garbage-first heap   total 81920K, used 66575K [0x0000000709800000, 0x0000000800000000)
  region size 2048K, 17 young (34816K), 1 survivors (2048K)
 Metaspace       used 79807K, committed 80576K, reserved 1179648K
  class space    used 11055K, committed 11456K, reserved 1048576K
}
Event: 1334.767 GC heap after
{Heap after GC invocations=20 (full 0):
 garbage-first heap   total 81920K, used 33866K [0x0000000709800000, 0x0000000800000000)
  region size 2048K, 1 young (2048K), 1 survivors (2048K)
 Metaspace       used 79807K, committed 80576K, reserved 1179648K
  class space    used 11055K, committed 11456K, reserved 1048576K
}
Event: 1994.775 GC heap before
{Heap before GC invocations=20 (full 0):
 garbage-first heap   total 81920K, used 68682K [0x0000000709800000, 0x0000000800000000)
  region size 2048K, 18 young (36864K), 1 survivors (2048K)
 Metaspace       used 79944K, committed 80704K, reserved 1179648K
  class space    used 11068K, committed 11456K, reserved 1048576K
}
Event: 1994.777 GC heap after
{Heap after GC invocations=21 (full 0):
 garbage-first heap   total 81920K, used 34493K [0x0000000709800000, 0x0000000800000000)
  region size 2048K, 2 young (4096K), 2 survivors (4096K)
 Metaspace       used 79944K, committed 80704K, reserved 1179648K
  class space    used 11068K, committed 11456K, reserved 1048576K
}
Event: 2675.090 GC heap before
{Heap before GC invocations=21 (full 0):
 garbage-first heap   total 81920K, used 67261K [0x0000000709800000, 0x0000000800000000)
  region size 2048K, 18 young (36864K), 2 survivors (4096K)
 Metaspace       used 79995K, committed 80768K, reserved 1179648K
  class space    used 11068K, committed 11456K, reserved 1048576K
}
Event: 2675.093 GC heap after
{Heap after GC invocations=22 (full 0):
 garbage-first heap   total 81920K, used 34436K [0x0000000709800000, 0x0000000800000000)
  region size 2048K, 2 young (4096K), 2 survivors (4096K)
 Metaspace       used 79995K, committed 80768K, reserved 1179648K
  class space    used 11068K, committed 11456K, reserved 1048576K
}
Event: 3314.781 GC heap before
{Heap before GC invocations=22 (full 0):
 garbage-first heap   total 81920K, used 67204K [0x0000000709800000, 0x0000000800000000)
  region size 2048K, 18 young (36864K), 2 survivors (4096K)
 Metaspace       used 80027K, committed 80832K, reserved 1179648K
  class space    used 11068K, committed 11456K, reserved 1048576K
}
Event: 3314.783 GC heap after
{Heap after GC invocations=23 (full 0):
 garbage-first heap   total 81920K, used 34661K [0x0000000709800000, 0x0000000800000000)
  region size 2048K, 2 young (4096K), 2 survivors (4096K)
 Metaspace       used 80027K, committed 80832K, reserved 1179648K
  class space    used 11068K, committed 11456K, reserved 1048576K
}

Dll operation events (10 events):
Event: 0.006 Loaded shared library C:\Users\ASUS\AppData\Roaming\Code\User\globalStorage\pleiades.java-extension-pack-jdk\java\17\bin\java.dll
Event: 0.018 Loaded shared library C:\Users\ASUS\AppData\Roaming\Code\User\globalStorage\pleiades.java-extension-pack-jdk\java\17\bin\jsvml.dll
Event: 0.095 Loaded shared library C:\Users\ASUS\AppData\Roaming\Code\User\globalStorage\pleiades.java-extension-pack-jdk\java\17\bin\jimage.dll
Event: 0.101 Loaded shared library C:\Users\ASUS\AppData\Roaming\Code\User\globalStorage\pleiades.java-extension-pack-jdk\java\17\bin\net.dll
Event: 0.103 Loaded shared library C:\Users\ASUS\AppData\Roaming\Code\User\globalStorage\pleiades.java-extension-pack-jdk\java\17\bin\nio.dll
Event: 0.104 Loaded shared library C:\Users\ASUS\AppData\Roaming\Code\User\globalStorage\pleiades.java-extension-pack-jdk\java\17\bin\zip.dll
Event: 0.154 Loaded shared library C:\Users\ASUS\AppData\Roaming\Code\User\globalStorage\pleiades.java-extension-pack-jdk\java\17\bin\management.dll
Event: 0.162 Loaded shared library C:\Users\ASUS\AppData\Roaming\Code\User\globalStorage\pleiades.java-extension-pack-jdk\java\17\bin\management_ext.dll
Event: 0.306 Loaded shared library C:\Users\ASUS\AppData\Roaming\Code\User\globalStorage\pleiades.java-extension-pack-jdk\java\17\bin\extnet.dll
Event: 1.124 Loaded shared library C:\Users\ASUS\AppData\Roaming\Code\User\globalStorage\pleiades.java-extension-pack-jdk\java\17\bin\sunmscapi.dll

Deoptimization events (20 events):
Event: 3796.001 Thread 0x000001dc6e6cfa30 Uncommon trap: trap_request=0xffffffd6 fr.pc=0x000001dc5537d678 relative=0x0000000000000458
Event: 3796.001 Thread 0x000001dc6e6cfa30 Uncommon trap: reason=array_check action=maybe_recompile pc=0x000001dc5537d678 method=java.util.HashMap.valuesToArray([Ljava/lang/Object;)[Ljava/lang/Object; @ 62 c2
Event: 3796.001 Thread 0x000001dc6e6cfa30 DEOPT PACKING pc=0x000001dc5537d678 sp=0x000000d3cdfff070
Event: 3796.001 Thread 0x000001dc6e6cfa30 DEOPT UNPACKING pc=0x000001dc549369a3 sp=0x000000d3cdfff008 mode 2
Event: 3806.005 Thread 0x000001dc6e6cf010 Uncommon trap: trap_request=0xffffffd6 fr.pc=0x000001dc5537d678 relative=0x0000000000000458
Event: 3806.005 Thread 0x000001dc6e6cf010 Uncommon trap: reason=array_check action=maybe_recompile pc=0x000001dc5537d678 method=java.util.HashMap.valuesToArray([Ljava/lang/Object;)[Ljava/lang/Object; @ 62 c2
Event: 3806.005 Thread 0x000001dc6e6cf010 DEOPT PACKING pc=0x000001dc5537d678 sp=0x000000d3ce0fefb0
Event: 3806.005 Thread 0x000001dc6e6cf010 DEOPT UNPACKING pc=0x000001dc549369a3 sp=0x000000d3ce0fef48 mode 2
Event: 3987.704 Thread 0x000001dc6e6cf010 Uncommon trap: trap_request=0xffffff45 fr.pc=0x000001dc55320238 relative=0x0000000000002158
Event: 3989.308 Thread 0x000001dc6e6cf010 Uncommon trap: reason=unstable_if action=reinterpret pc=0x000001dc55320238 method=java.util.concurrent.ScheduledThreadPoolExecutor$DelayedWorkQueue.take()Ljava/util/concurrent/RunnableScheduledFuture; @ 59 c2
Event: 3991.034 Thread 0x000001dc6e6cf010 DEOPT PACKING pc=0x000001dc55320238 sp=0x000000d3ce0ff360
Event: 3993.612 Thread 0x000001dc6e6cf010 DEOPT UNPACKING pc=0x000001dc549369a3 sp=0x000000d3ce0ff250 mode 2
Event: 4002.473 Thread 0x000001dc6e6d1380 Uncommon trap: trap_request=0xffffff45 fr.pc=0x000001dc554016cc relative=0x000000000000028c
Event: 4003.115 Thread 0x000001dc6e6d1380 Uncommon trap: reason=unstable_if action=reinterpret pc=0x000001dc554016cc method=sun.nio.ch.NioSocketImpl.timedRead(Ljava/io/FileDescriptor;[BIIJ)I @ 45 c2
Event: 4004.888 Thread 0x000001dc6e6d1380 DEOPT PACKING pc=0x000001dc554016cc sp=0x000000d3ce5fe6e0
Event: 4005.911 Thread 0x000001dc6e6d1380 DEOPT UNPACKING pc=0x000001dc549369a3 sp=0x000000d3ce5fe690 mode 2
Event: 4048.674 Thread 0x000001dc6e6d1380 Uncommon trap: trap_request=0xffffff45 fr.pc=0x000001dc5531ad40 relative=0x0000000000000340
Event: 4048.674 Thread 0x000001dc6e6d1380 Uncommon trap: reason=unstable_if action=reinterpret pc=0x000001dc5531ad40 method=java.util.concurrent.FutureTask.runAndReset()Z @ 116 c2
Event: 4051.261 Thread 0x000001dc6e6d1380 DEOPT PACKING pc=0x000001dc5531ad40 sp=0x000000d3ce5ff3a0
Event: 4051.261 Thread 0x000001dc6e6d1380 DEOPT UNPACKING pc=0x000001dc549369a3 sp=0x000000d3ce5ff2f8 mode 2

Classes loaded (20 events):
Event: 1360.805 Loading class java/security/Key done
Event: 1360.805 Loading class javax/security/auth/Destroyable
Event: 1360.805 Loading class javax/security/auth/Destroyable done
Event: 1360.805 Loading class java/security/PrivateKey done
Event: 1360.805 Loading class javax/crypto/NoSuchPaddingException
Event: 1360.806 Loading class javax/crypto/NoSuchPaddingException done
Event: 1360.806 Loading class javax/crypto/IllegalBlockSizeException
Event: 1360.806 Loading class javax/crypto/IllegalBlockSizeException done
Event: 1360.806 Loading class javax/crypto/BadPaddingException
Event: 1360.806 Loading class javax/crypto/BadPaddingException done
Event: 1360.806 Loading class java/security/spec/InvalidKeySpecException
Event: 1360.806 Loading class java/security/spec/InvalidKeySpecException done
Event: 1360.806 Loading class java/security/spec/KeySpec
Event: 1360.807 Loading class java/security/spec/KeySpec done
Event: 1360.807 Loading class javax/net/ssl/SSLSocket
Event: 1360.807 Loading class javax/net/ssl/SSLSocket done
Event: 4029.313 Loading class java/net/BindException
Event: 4030.884 Loading class java/net/BindException done
Event: 4034.379 Loading class java/text/FieldPosition$Delegate
Event: 4035.680 Loading class java/text/FieldPosition$Delegate done

Classes unloaded (0 events):
No events

Classes redefined (0 events):
No events

Internal exceptions (20 events):
Event: 4057.803 Thread 0x000001dc747e5180 Exception <a 'java/lang/ClassNotFoundException'{0x000000070cb773b8}: org/springframework/boot/actuate/endpoint/jmx/DataEndpointMBean> (0x000000070cb773b8) 
thrown [s\src\hotspot\share\classfile\systemDictionary.cpp, line 257]
Event: 4057.803 Thread 0x000001dc747e5180 Exception <a 'java/lang/ClassNotFoundException'{0x000000070cb77758}: org/springframework/context/support/LiveBeansView> (0x000000070cb77758) 
thrown [s\src\hotspot\share\classfile\systemDictionary.cpp, line 257]
Event: 4057.803 Thread 0x000001dc747e5180 Exception <a 'java/lang/ClassNotFoundException'{0x000000070cb77b18}: org/springframework/boot/actuate/endpoint/jmx/EndpointMBean> (0x000000070cb77b18) 
thrown [s\src\hotspot\share\classfile\systemDictionary.cpp, line 257]
Event: 4057.803 Thread 0x000001dc747e5180 Exception <a 'java/lang/ClassNotFoundException'{0x000000070cb77ed8}: org/springframework/boot/actuate/endpoint/jmx/DataEndpointMBean> (0x000000070cb77ed8) 
thrown [s\src\hotspot\share\classfile\systemDictionary.cpp, line 257]
Event: 4057.803 Thread 0x000001dc747e5180 Exception <a 'java/lang/ClassNotFoundException'{0x000000070cb78290}: org/springframework/context/support/LiveBeansView> (0x000000070cb78290) 
thrown [s\src\hotspot\share\classfile\systemDictionary.cpp, line 257]
Event: 4057.803 Thread 0x000001dc747e5180 Exception <a 'java/lang/ClassNotFoundException'{0x000000070cb78640}: org/springframework/boot/actuate/endpoint/jmx/EndpointMBean> (0x000000070cb78640) 
thrown [s\src\hotspot\share\classfile\systemDictionary.cpp, line 257]
Event: 4057.803 Thread 0x000001dc747e5180 Exception <a 'java/lang/ClassNotFoundException'{0x000000070cb789f0}: org/springframework/boot/actuate/endpoint/jmx/DataEndpointMBean> (0x000000070cb789f0) 
thrown [s\src\hotspot\share\classfile\systemDictionary.cpp, line 257]
Event: 4057.803 Thread 0x000001dc747e5180 Exception <a 'java/lang/ClassNotFoundException'{0x000000070cb78d98}: org/springframework/context/support/LiveBeansView> (0x000000070cb78d98) 
thrown [s\src\hotspot\share\classfile\systemDictionary.cpp, line 257]
Event: 4061.908 Thread 0x000001dc747e5180 Exception <a 'java/lang/ClassNotFoundException'{0x000000070c85e1c0}: org/springframework/boot/actuate/endpoint/jmx/EndpointMBean> (0x000000070c85e1c0) 
thrown [s\src\hotspot\share\classfile\systemDictionary.cpp, line 257]
Event: 4061.909 Thread 0x000001dc747e5180 Exception <a 'java/lang/ClassNotFoundException'{0x000000070c8a7af0}: org/springframework/boot/actuate/endpoint/jmx/DataEndpointMBean> (0x000000070c8a7af0) 
thrown [s\src\hotspot\share\classfile\systemDictionary.cpp, line 257]
Event: 4061.910 Thread 0x000001dc747e5180 Exception <a 'java/lang/ClassNotFoundException'{0x000000070c8f11b8}: org/springframework/context/support/LiveBeansView> (0x000000070c8f11b8) 
thrown [s\src\hotspot\share\classfile\systemDictionary.cpp, line 257]
Event: 4061.910 Thread 0x000001dc747e5180 Exception <a 'java/lang/ClassNotFoundException'{0x000000070c8f42c0}: org/springframework/boot/actuate/endpoint/jmx/EndpointMBean> (0x000000070c8f42c0) 
thrown [s\src\hotspot\share\classfile\systemDictionary.cpp, line 257]
Event: 4061.910 Thread 0x000001dc747e5180 Exception <a 'java/lang/ClassNotFoundException'{0x000000070c8f4690}: org/springframework/boot/actuate/endpoint/jmx/DataEndpointMBean> (0x000000070c8f4690) 
thrown [s\src\hotspot\share\classfile\systemDictionary.cpp, line 257]
Event: 4061.910 Thread 0x000001dc747e5180 Exception <a 'java/lang/ClassNotFoundException'{0x000000070c8f4a58}: org/springframework/context/support/LiveBeansView> (0x000000070c8f4a58) 
thrown [s\src\hotspot\share\classfile\systemDictionary.cpp, line 257]
Event: 4061.910 Thread 0x000001dc747e5180 Exception <a 'java/lang/ClassNotFoundException'{0x000000070c8f4e10}: org/springframework/boot/actuate/endpoint/jmx/EndpointMBean> (0x000000070c8f4e10) 
thrown [s\src\hotspot\share\classfile\systemDictionary.cpp, line 257]
Event: 4061.910 Thread 0x000001dc747e5180 Exception <a 'java/lang/ClassNotFoundException'{0x000000070c8f51c8}: org/springframework/boot/actuate/endpoint/jmx/DataEndpointMBean> (0x000000070c8f51c8) 
thrown [s\src\hotspot\share\classfile\systemDictionary.cpp, line 257]
Event: 4061.910 Thread 0x000001dc747e5180 Exception <a 'java/lang/ClassNotFoundException'{0x000000070c8f5578}: org/springframework/context/support/LiveBeansView> (0x000000070c8f5578) 
thrown [s\src\hotspot\share\classfile\systemDictionary.cpp, line 257]
Event: 4061.910 Thread 0x000001dc747e5180 Exception <a 'java/lang/ClassNotFoundException'{0x000000070c8f5930}: org/springframework/boot/actuate/endpoint/jmx/EndpointMBean> (0x000000070c8f5930) 
thrown [s\src\hotspot\share\classfile\systemDictionary.cpp, line 257]
Event: 4061.910 Thread 0x000001dc747e5180 Exception <a 'java/lang/ClassNotFoundException'{0x000000070c8f5ce8}: org/springframework/boot/actuate/endpoint/jmx/DataEndpointMBean> (0x000000070c8f5ce8) 
thrown [s\src\hotspot\share\classfile\systemDictionary.cpp, line 257]
Event: 4061.910 Thread 0x000001dc747e5180 Exception <a 'java/lang/ClassNotFoundException'{0x000000070c8f6098}: org/springframework/context/support/LiveBeansView> (0x000000070c8f6098) 
thrown [s\src\hotspot\share\classfile\systemDictionary.cpp, line 257]

VM Operations (20 events):
Event: 3806.789 Executing VM operation: Cleanup
Event: 3806.789 Executing VM operation: Cleanup done
Event: 3865.208 Executing VM operation: Cleanup
Event: 3865.208 Executing VM operation: Cleanup done
Event: 3876.292 Executing VM operation: Cleanup
Event: 3876.292 Executing VM operation: Cleanup done
Event: 3902.425 Executing VM operation: Cleanup
Event: 3902.425 Executing VM operation: Cleanup done
Event: 4032.753 Executing VM operation: Cleanup
Event: 4033.943 Executing VM operation: Cleanup done
Event: 4034.946 Executing VM operation: Cleanup
Event: 4035.696 Executing VM operation: Cleanup done
Event: 4044.752 Executing VM operation: Cleanup
Event: 4044.752 Executing VM operation: Cleanup done
Event: 4048.810 Executing VM operation: Cleanup
Event: 4050.846 Executing VM operation: Cleanup done
Event: 4052.850 Executing VM operation: Cleanup
Event: 4052.850 Executing VM operation: Cleanup done
Event: 4062.935 Executing VM operation: Cleanup
Event: 4062.935 Executing VM operation: Cleanup done

Memory protections (0 events):
No events

Nmethod flushes (20 events):
Event: 194.773 Thread 0x000001dc6900a3c0 flushing  nmethod 0x000001dc4e087710
Event: 194.773 Thread 0x000001dc6900a3c0 flushing  nmethod 0x000001dc4e087d90
Event: 194.773 Thread 0x000001dc6900a3c0 flushing  nmethod 0x000001dc4e089090
Event: 194.773 Thread 0x000001dc6900a3c0 flushing  nmethod 0x000001dc4e08f510
Event: 194.773 Thread 0x000001dc6900a3c0 flushing  nmethod 0x000001dc4e091c90
Event: 194.773 Thread 0x000001dc6900a3c0 flushing  nmethod 0x000001dc4e0e8910
Event: 194.773 Thread 0x000001dc6900a3c0 flushing  nmethod 0x000001dc4e0e9490
Event: 194.773 Thread 0x000001dc6900a3c0 flushing  nmethod 0x000001dc4e0ea590
Event: 194.773 Thread 0x000001dc6900a3c0 flushing  nmethod 0x000001dc4e114b10
Event: 194.773 Thread 0x000001dc6900a3c0 flushing  nmethod 0x000001dc4e11cb10
Event: 194.773 Thread 0x000001dc6900a3c0 flushing  nmethod 0x000001dc4e11d090
Event: 194.773 Thread 0x000001dc6900a3c0 flushing  nmethod 0x000001dc4e12be90
Event: 194.773 Thread 0x000001dc6900a3c0 flushing  nmethod 0x000001dc4e133990
Event: 194.773 Thread 0x000001dc6900a3c0 flushing  nmethod 0x000001dc4e142e10
Event: 194.773 Thread 0x000001dc6900a3c0 flushing  nmethod 0x000001dc4e14ed90
Event: 194.773 Thread 0x000001dc6900a3c0 flushing  nmethod 0x000001dc4e196510
Event: 194.773 Thread 0x000001dc6900a3c0 flushing  nmethod 0x000001dc4e196d90
Event: 194.773 Thread 0x000001dc6900a3c0 flushing  nmethod 0x000001dc4e197190
Event: 194.774 Thread 0x000001dc6900a3c0 flushing  nmethod 0x000001dc4e1b1f90
Event: 194.774 Thread 0x000001dc6900a3c0 flushing  nmethod 0x000001dc4e1e8210

Events (20 events):
Event: 3227.565 Thread 0x000001dc747e3320 Thread exited: 0x000001dc747e3320
Event: 3227.612 Thread 0x000001dc747e5ba0 Thread exited: 0x000001dc747e5ba0
Event: 3312.269 Thread 0x000001dc6e6d1380 Thread added: 0x000001dc747e5ba0
Event: 3312.270 Thread 0x000001dc747e5ba0 Thread added: 0x000001dc747e23f0
Event: 3312.273 Thread 0x000001dc687e2a20 Thread added: 0x000001dc7136dcb0
Event: 3314.783 Thread 0x000001dc7136dcb0 Thread exited: 0x000001dc7136dcb0
Event: 3317.283 Thread 0x000001dc747e5ba0 Thread exited: 0x000001dc747e5ba0
Event: 3317.329 Thread 0x000001dc747e23f0 Thread exited: 0x000001dc747e23f0
Event: 3319.463 Thread 0x000001dc6e6d1380 Thread added: 0x000001dc747e5ba0
Event: 3319.464 Thread 0x000001dc747e5ba0 Thread added: 0x000001dc747e23f0
Event: 3324.479 Thread 0x000001dc747e5ba0 Thread exited: 0x000001dc747e5ba0
Event: 3324.526 Thread 0x000001dc747e23f0 Thread exited: 0x000001dc747e23f0
Event: 3380.522 Thread 0x000001dc6e6d1380 Thread added: 0x000001dc747e5ba0
Event: 3380.524 Thread 0x000001dc747e5ba0 Thread added: 0x000001dc747e3320
Event: 3385.538 Thread 0x000001dc747e5ba0 Thread exited: 0x000001dc747e5ba0
Event: 3385.570 Thread 0x000001dc747e3320 Thread exited: 0x000001dc747e3320
Event: 4048.307 Thread 0x000001dc6e6d1380 Thread added: 0x000001dc747e5ba0
Event: 4050.847 Thread 0x000001dc747e5ba0 Thread added: 0x000001dc747e23f0
Event: 4056.081 Thread 0x000001dc747e5ba0 Thread exited: 0x000001dc747e5ba0
Event: 4058.378 Thread 0x000001dc69c425d0 Thread added: 0x000001dc747e65c0


Dynamic libraries:
0x00007ff7dd6c0000 - 0x00007ff7dd6ce000 	C:\Users\ASUS\AppData\Roaming\Code\User\globalStorage\pleiades.java-extension-pack-jdk\java\17\bin\java.exe
0x00007ffefc640000 - 0x00007ffefc8a7000 	C:\WINDOWS\SYSTEM32\ntdll.dll
0x00007ffefae70000 - 0x00007ffefaf3b000 	C:\WINDOWS\System32\KERNEL32.DLL
0x00007ffef9f50000 - 0x00007ffefa352000 	C:\WINDOWS\System32\KERNELBASE.dll
0x00007ffef9d60000 - 0x00007ffef9eac000 	C:\WINDOWS\System32\ucrtbase.dll
0x00007ffef2590000 - 0x00007ffef25a8000 	C:\Users\ASUS\AppData\Roaming\Code\User\globalStorage\pleiades.java-extension-pack-jdk\java\17\bin\jli.dll
0x00007ffeecfb0000 - 0x00007ffeecfce000 	C:\Users\ASUS\AppData\Roaming\Code\User\globalStorage\pleiades.java-extension-pack-jdk\java\17\bin\VCRUNTIME140.dll
0x00007ffefa790000 - 0x00007ffefa95f000 	C:\WINDOWS\System32\USER32.dll
0x00007ffee4520000 - 0x00007ffee47b0000 	C:\WINDOWS\WinSxS\amd64_microsoft.windows.common-controls_6595b64144ccf1df_6.0.26100.9278_none_3e0d1ba8e3303201\COMCTL32.dll
0x00007ffef9c80000 - 0x00007ffef9ca7000 	C:\WINDOWS\System32\win32u.dll
0x00007ffefc4d0000 - 0x00007ffefc579000 	C:\WINDOWS\System32\msvcrt.dll
0x00007ffefc320000 - 0x00007ffefc34b000 	C:\WINDOWS\System32\GDI32.dll
0x00007ffef99d0000 - 0x00007ffef9af9000 	C:\WINDOWS\System32\gdi32full.dll
0x00007ffef9cb0000 - 0x00007ffef9d53000 	C:\WINDOWS\System32\msvcp_win.dll
0x00007ffefc370000 - 0x00007ffefc3a1000 	C:\WINDOWS\System32\IMM32.DLL
0x00007ffef2580000 - 0x00007ffef258c000 	C:\Users\ASUS\AppData\Roaming\Code\User\globalStorage\pleiades.java-extension-pack-jdk\java\17\bin\vcruntime140_1.dll
0x00007ffeb6d40000 - 0x00007ffeb6dcd000 	C:\Users\ASUS\AppData\Roaming\Code\User\globalStorage\pleiades.java-extension-pack-jdk\java\17\bin\msvcp140.dll
0x00007ffe79470000 - 0x00007ffe7a0dc000 	C:\Users\ASUS\AppData\Roaming\Code\User\globalStorage\pleiades.java-extension-pack-jdk\java\17\bin\server\jvm.dll
0x00007ffefb6e0000 - 0x00007ffefb79c000 	C:\WINDOWS\System32\ADVAPI32.dll
0x00007ffefa4a0000 - 0x00007ffefa549000 	C:\WINDOWS\System32\sechost.dll
0x00007ffefc3b0000 - 0x00007ffefc4c8000 	C:\WINDOWS\System32\RPCRT4.dll
0x00007ffefa360000 - 0x00007ffefa3e0000 	C:\WINDOWS\System32\WS2_32.dll
0x00007ffef96a0000 - 0x00007ffef96fe000 	C:\WINDOWS\SYSTEM32\POWRPROF.dll
0x00007ffef06d0000 - 0x00007ffef0706000 	C:\WINDOWS\SYSTEM32\WINMM.dll
0x00007ffef18f0000 - 0x00007ffef18fb000 	C:\WINDOWS\SYSTEM32\VERSION.dll
0x00007ffef9680000 - 0x00007ffef9695000 	C:\WINDOWS\SYSTEM32\UMPDC.dll
0x00007ffef84d0000 - 0x00007ffef84eb000 	C:\WINDOWS\SYSTEM32\kernel.appcore.dll
0x00007ffeecfa0000 - 0x00007ffeecfaa000 	C:\Users\ASUS\AppData\Roaming\Code\User\globalStorage\pleiades.java-extension-pack-jdk\java\17\bin\jimage.dll
0x00007ffef6dc0000 - 0x00007ffef700c000 	C:\WINDOWS\SYSTEM32\DBGHELP.DLL
0x00007ffefbf80000 - 0x00007ffefc305000 	C:\WINDOWS\System32\combase.dll
0x00007ffefbe10000 - 0x00007ffefbee9000 	C:\WINDOWS\System32\OLEAUT32.dll
0x00007ffedfbf0000 - 0x00007ffedfc2b000 	C:\WINDOWS\SYSTEM32\dbgcore.DLL
0x00007ffef9b00000 - 0x00007ffef9bac000 	C:\WINDOWS\System32\bcryptPrimitives.dll
0x00007ffeecb40000 - 0x00007ffeecb65000 	C:\Users\ASUS\AppData\Roaming\Code\User\globalStorage\pleiades.java-extension-pack-jdk\java\17\bin\java.dll
0x00007ffeb1e90000 - 0x00007ffeb1f67000 	C:\Users\ASUS\AppData\Roaming\Code\User\globalStorage\pleiades.java-extension-pack-jdk\java\17\bin\jsvml.dll
0x00007ffefaf40000 - 0x00007ffefb6d8000 	C:\WINDOWS\System32\SHELL32.dll
0x00007ffef7260000 - 0x00007ffef7b0e000 	C:\WINDOWS\SYSTEM32\windows.storage.dll
0x00007ffefbd10000 - 0x00007ffefbe0b000 	C:\WINDOWS\System32\SHCORE.dll
0x00007ffefae00000 - 0x00007ffefae66000 	C:\WINDOWS\System32\shlwapi.dll
0x00007ffef9760000 - 0x00007ffef9789000 	C:\WINDOWS\SYSTEM32\profapi.dll
0x00007ffeecb20000 - 0x00007ffeecb3a000 	C:\Users\ASUS\AppData\Roaming\Code\User\globalStorage\pleiades.java-extension-pack-jdk\java\17\bin\net.dll
0x00007ffef17b0000 - 0x00007ffef18da000 	C:\WINDOWS\SYSTEM32\WINHTTP.dll
0x00007ffef8a70000 - 0x00007ffef8adc000 	C:\WINDOWS\system32\mswsock.dll
0x00007ffee8eb0000 - 0x00007ffee8ec6000 	C:\Users\ASUS\AppData\Roaming\Code\User\globalStorage\pleiades.java-extension-pack-jdk\java\17\bin\nio.dll
0x00007ffee8e60000 - 0x00007ffee8e78000 	C:\Users\ASUS\AppData\Roaming\Code\User\globalStorage\pleiades.java-extension-pack-jdk\java\17\bin\zip.dll
0x00007ffee8ea0000 - 0x00007ffee8eaa000 	C:\Users\ASUS\AppData\Roaming\Code\User\globalStorage\pleiades.java-extension-pack-jdk\java\17\bin\management.dll
0x00007ffee8e50000 - 0x00007ffee8e5c000 	C:\Users\ASUS\AppData\Roaming\Code\User\globalStorage\pleiades.java-extension-pack-jdk\java\17\bin\management_ext.dll
0x00007ffefc350000 - 0x00007ffefc358000 	C:\WINDOWS\System32\PSAPI.DLL
0x00007ffedbc00000 - 0x00007ffedbc18000 	C:\WINDOWS\system32\napinsp.dll
0x00007ffef7e30000 - 0x00007ffef7f88000 	C:\WINDOWS\SYSTEM32\DNSAPI.dll
0x00007ffef8890000 - 0x00007ffef889d000 	C:\WINDOWS\SYSTEM32\DSPARSE.dll
0x00007ffef7df0000 - 0x00007ffef7e23000 	C:\WINDOWS\SYSTEM32\IPHLPAPI.DLL
0x00007ffefc360000 - 0x00007ffefc36a000 	C:\WINDOWS\System32\NSI.dll
0x00007ffedbbe0000 - 0x00007ffedbbf3000 	C:\WINDOWS\System32\winrnr.dll
0x00007ffedbbb0000 - 0x00007ffedbbd7000 	C:\WINDOWS\system32\nlansp_c.dll
0x00007ffef0ae0000 - 0x00007ffef0af6000 	C:\WINDOWS\system32\wshbth.dll
0x000000005d130000 - 0x000000005d156000 	C:\Program Files\Bonjour\mdnsNSP.dll
0x00007ffef18e0000 - 0x00007ffef18eb000 	C:\Windows\System32\rasadhlp.dll
0x00007ffef2da0000 - 0x00007ffef2e26000 	C:\WINDOWS\System32\fwpuclnt.dll
0x00007ffef8e90000 - 0x00007ffef8eab000 	C:\WINDOWS\SYSTEM32\CRYPTSP.dll
0x00007ffef8430000 - 0x00007ffef8469000 	C:\WINDOWS\system32\rsaenh.dll
0x00007ffef8b20000 - 0x00007ffef8b54000 	C:\WINDOWS\SYSTEM32\USERENV.dll
0x00007ffef9730000 - 0x00007ffef975a000 	C:\WINDOWS\SYSTEM32\bcrypt.dll
0x00007ffef8cd0000 - 0x00007ffef8cdc000 	C:\WINDOWS\SYSTEM32\CRYPTBASE.dll
0x00007ffef2ba0000 - 0x00007ffef2bbd000 	C:\WINDOWS\SYSTEM32\dhcpcsvc6.DLL
0x00007ffef2b10000 - 0x00007ffef2b35000 	C:\WINDOWS\SYSTEM32\dhcpcsvc.DLL
0x00007ffee8e40000 - 0x00007ffee8e49000 	C:\Users\ASUS\AppData\Roaming\Code\User\globalStorage\pleiades.java-extension-pack-jdk\java\17\bin\extnet.dll
0x00007ffee8e20000 - 0x00007ffee8e2e000 	C:\Users\ASUS\AppData\Roaming\Code\User\globalStorage\pleiades.java-extension-pack-jdk\java\17\bin\sunmscapi.dll
0x00007ffef9840000 - 0x00007ffef99be000 	C:\WINDOWS\System32\CRYPT32.dll
0x00007ffef9000000 - 0x00007ffef9030000 	C:\WINDOWS\SYSTEM32\ncrypt.dll
0x00007ffef8fb0000 - 0x00007ffef8fef000 	C:\WINDOWS\SYSTEM32\NTASN1.dll
0x00007ffeda430000 - 0x00007ffeda438000 	C:\WINDOWS\system32\wshunix.dll

dbghelp: loaded successfully - version: 4.0.5 - missing functions: none
symbol engine: initialized successfully - sym options: 0x614 - pdb path: .;C:\Users\ASUS\AppData\Roaming\Code\User\globalStorage\pleiades.java-extension-pack-jdk\java\17\bin;C:\WINDOWS\SYSTEM32;C:\WINDOWS\WinSxS\amd64_microsoft.windows.common-controls_6595b64144ccf1df_6.0.26100.9278_none_3e0d1ba8e3303201;C:\Users\ASUS\AppData\Roaming\Code\User\globalStorage\pleiades.java-extension-pack-jdk\java\17\bin\server;C:\Program Files\Bonjour

VM Arguments:
jvm_args: -Dcom.sun.management.jmxremote -Dcom.sun.management.jmxremote.port=62761 -Dcom.sun.management.jmxremote.authenticate=false -Dcom.sun.management.jmxremote.ssl=false -Dspring.jmx.enabled=true -Djava.rmi.server.hostname=localhost -Dspring.application.admin.enabled=true -Dspring.boot.project.name=inventario.spring -XX:+ShowCodeDetailsInExceptionMessages -Dmanagement.endpoints.jmx.exposure.include=* 
java_command: com.inventario.inventario.spring.Application
java_class_path (initial): C:\Users\ASUS\Documents\NetBeansProjects\inventario.spring\inventario.spring\target\classes;C:\Users\ASUS\.m2\repository\org\springframework\boot\spring-boot-starter-actuator\4.1.0\spring-boot-starter-actuator-4.1.0.jar;C:\Users\ASUS\.m2\repository\org\springframework\boot\spring-boot-starter\4.1.0\spring-boot-starter-4.1.0.jar;C:\Users\ASUS\.m2\repository\org\springframework\boot\spring-boot-starter-logging\4.1.0\spring-boot-starter-logging-4.1.0.jar;C:\Users\ASUS\.m2\repository\ch\qos\logback\logback-classic\1.5.34\logback-classic-1.5.34.jar;C:\Users\ASUS\.m2\repository\ch\qos\logback\logback-core\1.5.34\logback-core-1.5.34.jar;C:\Users\ASUS\.m2\repository\org\apache\logging\log4j\log4j-to-slf4j\2.25.4\log4j-to-slf4j-2.25.4.jar;C:\Users\ASUS\.m2\repository\org\apache\logging\log4j\log4j-api\2.25.4\log4j-api-2.25.4.jar;C:\Users\ASUS\.m2\repository\org\slf4j\jul-to-slf4j\2.0.18\jul-to-slf4j-2.0.18.jar;C:\Users\ASUS\.m2\repository\org\springframework\boot\spring-boot-autoconfigure\4.1.0\spring-boot-autoconfigure-4.1.0.jar;C:\Users\ASUS\.m2\repository\jakarta\annotation\jakarta.annotation-api\3.0.0\jakarta.annotation-api-3.0.0.jar;C:\Users\ASUS\.m2\repository\org\yaml\snakeyaml\2.6\snakeyaml-2.6.jar;C:\Users\ASUS\.m2\repository\org\springframework\boot\spring-boot-starter-micrometer-metrics\4.1.0\spring-boot-starter-micrometer-metrics-4.1.0.jar;C:\Users\ASUS\.m2\repository\org\springframework\boot\spring-boot-micrometer-metrics\4.1.0\spring-boot-micrometer-metrics-4.1.0.jar;C:\Users\ASUS\.m2\repository\org\springframework\boot\spring-boot-micrometer-observation\4.1.0\spring-boot-micrometer-observation-4.1.0.jar;C:\Users\ASUS\.m2\repository\org\springframework\boot\spring-boot-actuator-autoconfigure\4.1.0\spring-boot-actuator-autoconfigure-4.1.0.jar;C:\Users\ASUS\.m2\repository\org\springframework\boot\spring-boot-actuator\4.1.0\spring-boot-actuator-4.1.0.jar;C:\Users\ASUS\.m2\repository\org\springframework\boot\spring-boot-health\4.1.0\spr
Launcher Type: SUN_STANDARD

[Global flags]
     intx CICompilerCount                          = 12                                        {product} {ergonomic}
     uint ConcGCThreads                            = 3                                         {product} {ergonomic}
     uint G1ConcRefinementThreads                  = 13                                        {product} {ergonomic}
   size_t G1HeapRegionSize                         = 2097152                                   {product} {ergonomic}
    uintx GCDrainStackTargetSize                   = 64                                        {product} {ergonomic}
   size_t InitialHeapSize                          = 260046848                                 {product} {ergonomic}
     bool ManagementServer                         = true                                      {product} {command line}
   size_t MarkStackSize                            = 4194304                                   {product} {ergonomic}
   size_t MaxHeapSize                              = 4135583744                                {product} {ergonomic}
   size_t MaxNewSize                               = 2480930816                                {product} {ergonomic}
   size_t MinHeapDeltaBytes                        = 2097152                                   {product} {ergonomic}
   size_t MinHeapSize                              = 8388608                                   {product} {ergonomic}
    uintx NonNMethodCodeHeapSize                   = 7602480                                {pd product} {ergonomic}
    uintx NonProfiledCodeHeapSize                  = 122027880                              {pd product} {ergonomic}
    uintx ProfiledCodeHeapSize                     = 122027880                              {pd product} {ergonomic}
    uintx ReservedCodeCacheSize                    = 251658240                              {pd product} {ergonomic}
     bool SegmentedCodeCache                       = true                                      {product} {ergonomic}
     bool ShowCodeDetailsInExceptionMessages       = true                                   {manageable} {command line}
   size_t SoftMaxHeapSize                          = 4135583744                             {manageable} {ergonomic}
     bool UseCompressedClassPointers               = true                           {product lp64_product} {ergonomic}
     bool UseCompressedOops                        = true                           {product lp64_product} {ergonomic}
     bool UseG1GC                                  = true                                      {product} {ergonomic}
     bool UseLargePagesIndividualAllocation        = false                                  {pd product} {ergonomic}

Logging:
Log output configuration:
 #0: stdout all=warning uptime,level,tags
 #1: stderr all=off uptime,level,tags

Environment Variables:
JAVA_HOME=C:\Users\ASUS\AppData\Roaming\Code\User\globalStorage\pleiades.java-extension-pack-jdk\java\25
PATH=C:\Users\ASUS\AppData\Roaming\Code\User\globalStorage\pleiades.java-extension-pack-jdk\gradle\latest\bin;C:\Users\ASUS\AppData\Roaming\Code\User\globalStorage\pleiades.java-extension-pack-jdk\maven\latest\bin;C:\Users\ASUS\AppData\Roaming\Code\User\globalStorage\pleiades.java-extension-pack-jdk\java\25\bin;C:\Program Files\Common Files\Oracle\Java\javapath;C:\WINDOWS\system32;C:\WINDOWS;C:\WINDOWS\System32\Wbem;C:\WINDOWS\System32\WindowsPowerShell\v1.0\;C:\WINDOWS\System32\OpenSSH\;C:\Program Files\dotnet\;C:\Program Files\nodejs\;C:\Users\ASUS\.local\bin;C:\Users\ASUS\AppData\Local\Microsoft\WindowsApps;C:\Users\ASUS\AppData\Local\Programs\Microsoft VS Code\bin;C:\Users\ASUS\.dotnet\tools;C:\Users\ASUS\AppData\Roaming\npm;C:\Users\ASUS\AppData\Local\Programs\mongosh\;c:\Users\ASUS\.vscode\extensions\vscjava.vscode-java-debug-0.59.0\bundled\scripts\noConfigScripts;c:\Users\ASUS\.vscode\extensions\ms-python.debugpy-2026.6.0-win32-x64\bundled\scripts\noConfigScripts
USERNAME=ASUS
LANG=es_ES.UTF-8
OS=Windows_NT
PROCESSOR_IDENTIFIER=AMD64 Family 25 Model 80 Stepping 0, AuthenticAMD
TMP=C:\Users\ASUS\AppData\Local\Temp
TEMP=C:\Users\ASUS\AppData\Local\Temp



Periodic native trim disabled


---------------  S Y S T E M  ---------------

OS:
 Windows 11 , 64 bit Build 26100 (10.0.26100.9444)
OS uptime: 4 days 22:33 hours
Hyper-V role detected

CPU: total 16 (initial active 16) (16 cores per cpu, 2 threads per core) family 25 model 80 stepping 0 microcode 0xa500011, cx8, cmov, fxsr, ht, mmx, 3dnowpref, sse, sse2, sse3, ssse3, sse4a, sse4.1, sse4.2, popcnt, lzcnt, tsc, tscinvbit, avx, avx2, aes, erms, clmul, bmi1, bmi2, adx, sha, fma, vzeroupper, clflush, clflushopt, hv
Processor Information for all 16 processors :
  Max Mhz: 2000, Current Mhz: 2000, Mhz Limit: 2000

Memory: 4k page, system-wide physical 15772M (1037M free)
TotalPageFile size 31313M (AvailPageFile size 0M)
current process WorkingSet (physical memory assigned to process): 64M, peak: 366M
current process commit charge ("private bytes"): 333M, peak: 427M

vm_info: OpenJDK 64-Bit Server VM (17.0.20.1+1) for windows-amd64 JRE (17.0.20.1+1), built on Aug 18 2026 20:44:09 by "admin" with MS VC++ 17.12 (VS2022)

END.
